Importing:D:/Resources/captainatom_project/cache/CaptainAtom.abc
AlembicGeometryAttributesReader: Property "EnvelopeWeights" not supported.
AlembicGeometryAttributesReader: Property "MappingIndices" not supported.
AlembicGeometryAttributesReader: Property "EnvelopeDeformerIndices" not supported.
AlembicGeometryAttributesReader: Property "EnvelopeDeformers" not supported.
AlembicGeometryAttributesReader: Property "EnvelopeWeights" not supported.
AlembicGeometryAttributesReader: Property "MappingIndices" not supported.
AlembicGeometryAttributesReader: Property "EnvelopeDeformerIndices" not supported.
AlembicGeometryAttributesReader: Property "EnvelopeDeformers" not supported.
Importing:D:/Resources/captainatom_project/cache/CaptainAtom.abc
AlembicGeometryAttributesReader: Property "EnvelopeWeights" not supported.
AlembicGeometryAttributesReader: Property "MappingIndices" not supported.
AlembicGeometryAttributesReader: Property "EnvelopeDeformerIndices" not supported.
AlembicGeometryAttributesReader: Property "EnvelopeDeformers" not supported.
function Ref<GeometryStack>#notify!(Notifier, String, String):WrapModifier.changed
function GeometrySet Ref<GeometryStack>.evaluate!(EvalContext)
--function Ref<GeometryCache>#restore?(io GeometrySet)
--function Ref<AlembicGeometryGenerator>#evaluate!(EvalContext, io GeometrySet)
--function Ref<GeometryAttributeCache>#update!(GeometrySet, GeometryOperator):["positions"]
--function Ref<WrapModifier>#evaluate!(EvalContext, io GeometrySet)
----function GeometrySet Ref<GeometryStack>.evaluate!(EvalContext)
------function Ref<GeometryCache>#restore?(io GeometrySet)
------function Ref<AlembicSkinnedMeshGeometryGenerator>#evaluate!(EvalContext, io GeometrySet)
------function Ref<GeometryAttributeCache>#update!(GeometrySet, GeometryOperator):["positions"]
------function Ref<SkinningModifier>#evaluate!(EvalContext, io GeometrySet)
------function Ref<GeometryAttributeCache>#update!(GeometrySet, GeometryOperator):["positions","normals"]
------function Ref<DeltaMushModifier>#evaluate!(EvalContext, io GeometrySet)
------function Ref<GeometryAttributeCache>#update!(GeometrySet, GeometryOperator):[]
------function Ref<ComputeNormalsModifier>#evaluate!(EvalContext, io GeometrySet)
------function Ref<GeometryAttributeCache>#update!(GeometrySet, GeometryOperator):[]
------function Ref<ComputeTangentsModifier>#evaluate!(EvalContext, io GeometrySet)
----wrapModifier_deformGeometries

skinningStack:GeometryStack { 
  geomOperators:[ 
    {
      type: AlembicSkinnedMeshGeometryGenerator,
      filePath: D:/Resources/captainatom_project/cache/CaptainAtom.abc
      expandedPath: D:/Resources/captainatom_project/cache/CaptainAtom.abc
    }
    { 
      type: SkinningModifier
    }
    { 
      type: DeltaMushModifier
    }
    { 
      type: ComputeNormalsModifier
    }
    { 
      type: ComputeTangentsModifier
    }
  ],
  geometries:[ 
      captainatom_skinnedMesh_geoShape:{
    },
  ]
}
