function GeometrySet Ref<GeometryStack>.evaluate!(EvalContext)
--function Ref<PolygonMeshSphereGenerator>#evaluate!(EvalContext, io GeometrySet)
--function Ref<PushModifier>#evaluate!(EvalContext, io GeometrySet)
function Ref<GeometryStack>#notify!(Notifier, String, String):PushModifier.changed
--function Ref<GeometrySet>.rewind!(UInt32):1
function GeometrySet Ref<GeometryStack>.evaluate!(EvalContext)
--function Ref<PushModifier>#evaluate!(EvalContext, io GeometrySet)

GeometryStack { 
  geomOperators:[ 
    {
      type: PolygonMeshSphereGenerator
    }
    { 
      type: PushModifier
    }
  ],
  geomSet:   { 
    geometries:[ 
      Sphere:{
      },
    ]
    attributeGenerations:{ 
    },
  }
}
