Importing:C:\Users\Phil\Projects\RiggingToolbox/Tests/GeometryStack/Resources/skinnedTube.abc
AlembicGeometryAttributesReader: Property "EnvelopeWeights" not supported.
AlembicGeometryAttributesReader: Property "MappingIndices" not supported.
AlembicGeometryAttributesReader: Property "EnvelopeDeformerIndices" not supported.
AlembicGeometryAttributesReader: Property "EnvelopeDeformers" not supported.
Warning: Pose count does not match the reference pose count. referencePose:4 != pose:0. Skinning disabled
function GeometrySet Ref<GeometryStack>.evaluate!(EvalContext)
--function Ref<AlembicGeometryGenerator>#evaluate?(EvalContext, io GeometrySet)
--function Ref<GeometryCache>#update!(GeometrySet, String[])
--function Ref<SkinningModifier>#evaluate?(EvalContext, io GeometrySet)
function Ref<GeometryStack>#notify!(Notifier, String, String):changed
function GeometrySet Ref<GeometryStack>.evaluate!(EvalContext)
--function Ref<GeometryCache>#restore?(io GeometrySet)
--function Ref<SkinningModifier>#evaluate?(EvalContext, io GeometrySet)

stack:GeometryStack { 
  geomOperators:[ 
  {
    type: AlembicGeometryGenerator,
    filePath: ${FABRIC_RIGGINGTOOLBOX_PATH}/Tests/GeometryStack/Resources/skinnedTube.abc
  }
  { 
    type: SkinningModifier
  }
  ],
  numGeometries:1
}
