function GeometrySet Ref<GeometryStack>.evaluate!(EvalContext)
--function Ref<PolygonMeshSphereGenerator>#evaluate?(EvalContext, io GeometrySet)
--function Ref<GeometryCache>#init!(GeometrySet)
--function Ref<PushDeformer>#evaluate?(EvalContext, io GeometrySet)
--function Ref<GeometryAttributeCache>#init!(GeometrySet)
function Ref<GeometryStack>#notify!(Notifier, String, String):changed
function GeometrySet Ref<GeometryStack>.evaluate!(EvalContext)
--function Ref<GeometryCache>#restore?(io GeometrySet)
--function Ref<PushDeformer>#evaluate?(EvalContext, io GeometrySet)
--function Ref<GeometryAttributeCache>#init!(GeometrySet)

