Importing:C:\Users\Phil\Projects\RiggingToolbox/Tests/GeometryStack/sphereBlendShapes.abc
function Ref<BlendShapesModifier>.loadTargetsFromAlembic!(String, String)
--function Ref<BlendShapesModifier>.addReferenceGeometry!(Geometry)
--function Ref<BlendShapesModifier>.addTargetGeometry!(UInt32, Geometry)
--function Ref<BlendShapesModifier>.addTargetGeometry!(UInt32, Geometry)
function GeometrySet Ref<GeometryStack>.evaluate!(EvalContext)
--function Ref<AlembicGeometryGenerator>#evaluate?(EvalContext, io GeometrySet)
--function Ref<GeometryCache>#update!(GeometrySet, String[])
--function Ref<BlendShapesModifier>#evaluate?(EvalContext, io GeometrySet)
function Ref<GeometryStack>#notify!(Notifier, String, String):changed
function GeometrySet Ref<GeometryStack>.evaluate!(EvalContext)
--function Ref<GeometryCache>#restore?(io GeometrySet)
--function Ref<BlendShapesModifier>#evaluate?(EvalContext, io GeometrySet)

stack:GeometryStack { 
  geomOperators:[ 
  {
    type: AlembicGeometryGenerator,
    filePath: sphereBlendShapes.abc
  }
  {
    type: BlendShapesModifier,
    filePath: sphereBlendShapes.abc
    refGeoms: 1
      blendTargets: 0:2
  }
  ],
  geometries:[ 
      Mesh: pointCount: 382 polygonCount: 400 nbAttributeVectors: 439
  Points (adjacent polygons as 'polygon.neighborPolygonIndex', 
          borders as '|', closed wing starts as '<<'):
    0: 4 polygons:  <<379.0, 360.1, 0.0, 19.1
    1: 4 polygons:  <<361.1, 1.0, 0.1, 360.0
    2: 4 polygons:  <<362.1, 2.0, 1.1, 361.0
    3: 4 polygons:  <<363.1, 3.0, 2.1, 362.0
    4: 4 polygons:  <<364.1, 4.0, 3.1, 363.0
    5: 4 polygons:  <<365.1, 5.0, 4.1, 364.0
    6: 4 polygons:  <<366.1, 6.0, 5.1, 365.0
    7: 4 polygons:  <<367.1, 7.0, 6.1, 366.0
    8: 4 polygons:  <<368.1, 8.0, 7.1, 367.0
    9: 4 polygons:  <<369.1, 9.0, 8.1, 368.0
    10: 4 polygons:  <<370.1, 10.0, 9.1, 369.0
    11: 4 polygons:  <<371.1, 11.0, 10.1, 370.0
    12: 4 polygons:  <<372.1, 12.0, 11.1, 371.0
    13: 4 polygons:  <<373.1, 13.0, 12.1, 372.0
    14: 4 polygons:  <<374.1, 14.0, 13.1, 373.0
    15: 4 polygons:  <<375.1, 15.0, 14.1, 374.0
    16: 4 polygons:  <<376.1, 16.0, 15.1, 375.0
    17: 4 polygons:  <<377.1, 17.0, 16.1, 376.0
    18: 4 polygons:  <<378.1, 18.0, 17.1, 377.0
    19: 4 polygons:  <<379.1, 19.0, 18.1, 378.0
    20: 4 polygons:  <<39.1, 19.2, 0.3, 20.0
    21: 4 polygons:  <<21.0, 20.1, 0.2, 1.3
    22: 4 polygons:  <<22.0, 21.1, 1.2, 2.3
    23: 4 polygons:  <<23.0, 22.1, 2.2, 3.3
    24: 4 polygons:  <<24.0, 23.1, 3.2, 4.3
    25: 4 polygons:  <<25.0, 24.1, 4.2, 5.3
    26: 4 polygons:  <<26.0, 25.1, 5.2, 6.3
    27: 4 polygons:  <<27.0, 26.1, 6.2, 7.3
    28: 4 polygons:  <<28.0, 27.1, 7.2, 8.3
    29: 4 polygons:  <<29.0, 28.1, 8.2, 9.3
    30: 4 polygons:  <<30.0, 29.1, 9.2, 10.3
    31: 4 polygons:  <<31.0, 30.1, 10.2, 11.3
    32: 4 polygons:  <<32.0, 31.1, 11.2, 12.3
    33: 4 polygons:  <<33.0, 32.1, 12.2, 13.3
    34: 4 polygons:  <<34.0, 33.1, 13.2, 14.3
    35: 4 polygons:  <<35.0, 34.1, 14.2, 15.3
    36: 4 polygons:  <<36.0, 35.1, 15.2, 16.3
    37: 4 polygons:  <<37.0, 36.1, 16.2, 17.3
    38: 4 polygons:  <<38.0, 37.1, 17.2, 18.3
    39: 4 polygons:  <<39.0, 38.1, 18.2, 19.3
    40: 4 polygons:  <<59.1, 39.2, 20.3, 40.0
    41: 4 polygons:  <<41.0, 40.1, 20.2, 21.3
    42: 4 polygons:  <<42.0, 41.1, 21.2, 22.3
    43: 4 polygons:  <<43.0, 42.1, 22.2, 23.3
    44: 4 polygons:  <<44.0, 43.1, 23.2, 24.3
    45: 4 polygons:  <<45.0, 44.1, 24.2, 25.3
    46: 4 polygons:  <<46.0, 45.1, 25.2, 26.3
    47: 4 polygons:  <<47.0, 46.1, 26.2, 27.3
    48: 4 polygons:  <<48.0, 47.1, 27.2, 28.3
    49: 4 polygons:  <<49.0, 48.1, 28.2, 29.3
    50: 4 polygons:  <<50.0, 49.1, 29.2, 30.3
    51: 4 polygons:  <<51.0, 50.1, 30.2, 31.3
    52: 4 polygons:  <<52.0, 51.1, 31.2, 32.3
    53: 4 polygons:  <<53.0, 52.1, 32.2, 33.3
    54: 4 polygons:  <<54.0, 53.1, 33.2, 34.3
    55: 4 polygons:  <<55.0, 54.1, 34.2, 35.3
    56: 4 polygons:  <<56.0, 55.1, 35.2, 36.3
    57: 4 polygons:  <<57.0, 56.1, 36.2, 37.3
    58: 4 polygons:  <<58.0, 57.1, 37.2, 38.3
    59: 4 polygons:  <<59.0, 58.1, 38.2, 39.3
    60: 4 polygons:  <<79.1, 59.2, 40.3, 60.0
    61: 4 polygons:  <<61.0, 60.1, 40.2, 41.3
    62: 4 polygons:  <<62.0, 61.1, 41.2, 42.3
    63: 4 polygons:  <<63.0, 62.1, 42.2, 43.3
    64: 4 polygons:  <<64.0, 63.1, 43.2, 44.3
    65: 4 polygons:  <<65.0, 64.1, 44.2, 45.3
    66: 4 polygons:  <<66.0, 65.1, 45.2, 46.3
    67: 4 polygons:  <<67.0, 66.1, 46.2, 47.3
    68: 4 polygons:  <<68.0, 67.1, 47.2, 48.3
    69: 4 polygons:  <<69.0, 68.1, 48.2, 49.3
    70: 4 polygons:  <<70.0, 69.1, 49.2, 50.3
    71: 4 polygons:  <<71.0, 70.1, 50.2, 51.3
    72: 4 polygons:  <<72.0, 71.1, 51.2, 52.3
    73: 4 polygons:  <<73.0, 72.1, 52.2, 53.3
    74: 4 polygons:  <<74.0, 73.1, 53.2, 54.3
    75: 4 polygons:  <<75.0, 74.1, 54.2, 55.3
    76: 4 polygons:  <<76.0, 75.1, 55.2, 56.3
    77: 4 polygons:  <<77.0, 76.1, 56.2, 57.3
    78: 4 polygons:  <<78.0, 77.1, 57.2, 58.3
    79: 4 polygons:  <<79.0, 78.1, 58.2, 59.3
    80: 4 polygons:  <<99.1, 79.2, 60.3, 80.0
    81: 4 polygons:  <<81.0, 80.1, 60.2, 61.3
    82: 4 polygons:  <<82.0, 81.1, 61.2, 62.3
    83: 4 polygons:  <<83.0, 82.1, 62.2, 63.3
    84: 4 polygons:  <<84.0, 83.1, 63.2, 64.3
    85: 4 polygons:  <<85.0, 84.1, 64.2, 65.3
    86: 4 polygons:  <<86.0, 85.1, 65.2, 66.3
    87: 4 polygons:  <<87.0, 86.1, 66.2, 67.3
    88: 4 polygons:  <<88.0, 87.1, 67.2, 68.3
    89: 4 polygons:  <<89.0, 88.1, 68.2, 69.3
    90: 4 polygons:  <<90.0, 89.1, 69.2, 70.3
    91: 4 polygons:  <<91.0, 90.1, 70.2, 71.3
    92: 4 polygons:  <<92.0, 91.1, 71.2, 72.3
    93: 4 polygons:  <<93.0, 92.1, 72.2, 73.3
    94: 4 polygons:  <<94.0, 93.1, 73.2, 74.3
    95: 4 polygons:  <<95.0, 94.1, 74.2, 75.3
    96: 4 polygons:  <<96.0, 95.1, 75.2, 76.3
    97: 4 polygons:  <<97.0, 96.1, 76.2, 77.3
    98: 4 polygons:  <<98.0, 97.1, 77.2, 78.3
    99: 4 polygons:  <<99.0, 98.1, 78.2, 79.3
    100: 4 polygons:  <<119.1, 99.2, 80.3, 100.0
    101: 4 polygons:  <<101.0, 100.1, 80.2, 81.3
    102: 4 polygons:  <<102.0, 101.1, 81.2, 82.3
    103: 4 polygons:  <<103.0, 102.1, 82.2, 83.3
    104: 4 polygons:  <<104.0, 103.1, 83.2, 84.3
    105: 4 polygons:  <<105.0, 104.1, 84.2, 85.3
    106: 4 polygons:  <<106.0, 105.1, 85.2, 86.3
    107: 4 polygons:  <<107.0, 106.1, 86.2, 87.3
    108: 4 polygons:  <<108.0, 107.1, 87.2, 88.3
    109: 4 polygons:  <<109.0, 108.1, 88.2, 89.3
    110: 4 polygons:  <<110.0, 109.1, 89.2, 90.3
    111: 4 polygons:  <<111.0, 110.1, 90.2, 91.3
    112: 4 polygons:  <<112.0, 111.1, 91.2, 92.3
    113: 4 polygons:  <<113.0, 112.1, 92.2, 93.3
    114: 4 polygons:  <<114.0, 113.1, 93.2, 94.3
    115: 4 polygons:  <<115.0, 114.1, 94.2, 95.3
    116: 4 polygons:  <<116.0, 115.1, 95.2, 96.3
    117: 4 polygons:  <<117.0, 116.1, 96.2, 97.3
    118: 4 polygons:  <<118.0, 117.1, 97.2, 98.3
    119: 4 polygons:  <<119.0, 118.1, 98.2, 99.3
    120: 4 polygons:  <<139.1, 119.2, 100.3, 120.0
    121: 4 polygons:  <<121.0, 120.1, 100.2, 101.3
    122: 4 polygons:  <<122.0, 121.1, 101.2, 102.3
    123: 4 polygons:  <<123.0, 122.1, 102.2, 103.3
    124: 4 polygons:  <<124.0, 123.1, 103.2, 104.3
    125: 4 polygons:  <<125.0, 124.1, 104.2, 105.3
    126: 4 polygons:  <<126.0, 125.1, 105.2, 106.3
    127: 4 polygons:  <<127.0, 126.1, 106.2, 107.3
    128: 4 polygons:  <<128.0, 127.1, 107.2, 108.3
    129: 4 polygons:  <<129.0, 128.1, 108.2, 109.3
    130: 4 polygons:  <<130.0, 129.1, 109.2, 110.3
    131: 4 polygons:  <<131.0, 130.1, 110.2, 111.3
    132: 4 polygons:  <<132.0, 131.1, 111.2, 112.3
    133: 4 polygons:  <<133.0, 132.1, 112.2, 113.3
    134: 4 polygons:  <<134.0, 133.1, 113.2, 114.3
    135: 4 polygons:  <<135.0, 134.1, 114.2, 115.3
    136: 4 polygons:  <<136.0, 135.1, 115.2, 116.3
    137: 4 polygons:  <<137.0, 136.1, 116.2, 117.3
    138: 4 polygons:  <<138.0, 137.1, 117.2, 118.3
    139: 4 polygons:  <<139.0, 138.1, 118.2, 119.3
    140: 4 polygons:  <<159.1, 139.2, 120.3, 140.0
    141: 4 polygons:  <<141.0, 140.1, 120.2, 121.3
    142: 4 polygons:  <<142.0, 141.1, 121.2, 122.3
    143: 4 polygons:  <<143.0, 142.1, 122.2, 123.3
    144: 4 polygons:  <<144.0, 143.1, 123.2, 124.3
    145: 4 polygons:  <<145.0, 144.1, 124.2, 125.3
    146: 4 polygons:  <<146.0, 145.1, 125.2, 126.3
    147: 4 polygons:  <<147.0, 146.1, 126.2, 127.3
    148: 4 polygons:  <<148.0, 147.1, 127.2, 128.3
    149: 4 polygons:  <<149.0, 148.1, 128.2, 129.3
    150: 4 polygons:  <<150.0, 149.1, 129.2, 130.3
    151: 4 polygons:  <<151.0, 150.1, 130.2, 131.3
    152: 4 polygons:  <<152.0, 151.1, 131.2, 132.3
    153: 4 polygons:  <<153.0, 152.1, 132.2, 133.3
    154: 4 polygons:  <<154.0, 153.1, 133.2, 134.3
    155: 4 polygons:  <<155.0, 154.1, 134.2, 135.3
    156: 4 polygons:  <<156.0, 155.1, 135.2, 136.3
    157: 4 polygons:  <<157.0, 156.1, 136.2, 137.3
    158: 4 polygons:  <<158.0, 157.1, 137.2, 138.3
    159: 4 polygons:  <<159.0, 158.1, 138.2, 139.3
    160: 4 polygons:  <<179.1, 159.2, 140.3, 160.0
    161: 4 polygons:  <<161.0, 160.1, 140.2, 141.3
    162: 4 polygons:  <<162.0, 161.1, 141.2, 142.3
    163: 4 polygons:  <<163.0, 162.1, 142.2, 143.3
    164: 4 polygons:  <<164.0, 163.1, 143.2, 144.3
    165: 4 polygons:  <<165.0, 164.1, 144.2, 145.3
    166: 4 polygons:  <<166.0, 165.1, 145.2, 146.3
    167: 4 polygons:  <<167.0, 166.1, 146.2, 147.3
    168: 4 polygons:  <<168.0, 167.1, 147.2, 148.3
    169: 4 polygons:  <<169.0, 168.1, 148.2, 149.3
    170: 4 polygons:  <<170.0, 169.1, 149.2, 150.3
    171: 4 polygons:  <<171.0, 170.1, 150.2, 151.3
    172: 4 polygons:  <<172.0, 171.1, 151.2, 152.3
    173: 4 polygons:  <<173.0, 172.1, 152.2, 153.3
    174: 4 polygons:  <<174.0, 173.1, 153.2, 154.3
    175: 4 polygons:  <<175.0, 174.1, 154.2, 155.3
    176: 4 polygons:  <<176.0, 175.1, 155.2, 156.3
    177: 4 polygons:  <<177.0, 176.1, 156.2, 157.3
    178: 4 polygons:  <<178.0, 177.1, 157.2, 158.3
    179: 4 polygons:  <<179.0, 178.1, 158.2, 159.3
    180: 4 polygons:  <<199.1, 179.2, 160.3, 180.0
    181: 4 polygons:  <<181.0, 180.1, 160.2, 161.3
    182: 4 polygons:  <<182.0, 181.1, 161.2, 162.3
    183: 4 polygons:  <<183.0, 182.1, 162.2, 163.3
    184: 4 polygons:  <<184.0, 183.1, 163.2, 164.3
    185: 4 polygons:  <<185.0, 184.1, 164.2, 165.3
    186: 4 polygons:  <<186.0, 185.1, 165.2, 166.3
    187: 4 polygons:  <<187.0, 186.1, 166.2, 167.3
    188: 4 polygons:  <<188.0, 187.1, 167.2, 168.3
    189: 4 polygons:  <<189.0, 188.1, 168.2, 169.3
    190: 4 polygons:  <<190.0, 189.1, 169.2, 170.3
    191: 4 polygons:  <<191.0, 190.1, 170.2, 171.3
    192: 4 polygons:  <<192.0, 191.1, 171.2, 172.3
    193: 4 polygons:  <<193.0, 192.1, 172.2, 173.3
    194: 4 polygons:  <<194.0, 193.1, 173.2, 174.3
    195: 4 polygons:  <<195.0, 194.1, 174.2, 175.3
    196: 4 polygons:  <<196.0, 195.1, 175.2, 176.3
    197: 4 polygons:  <<197.0, 196.1, 176.2, 177.3
    198: 4 polygons:  <<198.0, 197.1, 177.2, 178.3
    199: 4 polygons:  <<199.0, 198.1, 178.2, 179.3
    200: 4 polygons:  <<219.1, 199.2, 180.3, 200.0
    201: 4 polygons:  <<201.0, 200.1, 180.2, 181.3
    202: 4 polygons:  <<202.0, 201.1, 181.2, 182.3
    203: 4 polygons:  <<203.0, 202.1, 182.2, 183.3
    204: 4 polygons:  <<204.0, 203.1, 183.2, 184.3
    205: 4 polygons:  <<205.0, 204.1, 184.2, 185.3
    206: 4 polygons:  <<206.0, 205.1, 185.2, 186.3
    207: 4 polygons:  <<207.0, 206.1, 186.2, 187.3
    208: 4 polygons:  <<208.0, 207.1, 187.2, 188.3
    209: 4 polygons:  <<209.0, 208.1, 188.2, 189.3
    210: 4 polygons:  <<210.0, 209.1, 189.2, 190.3
    211: 4 polygons:  <<211.0, 210.1, 190.2, 191.3
    212: 4 polygons:  <<212.0, 211.1, 191.2, 192.3
    213: 4 polygons:  <<213.0, 212.1, 192.2, 193.3
    214: 4 polygons:  <<214.0, 213.1, 193.2, 194.3
    215: 4 polygons:  <<215.0, 214.1, 194.2, 195.3
    216: 4 polygons:  <<216.0, 215.1, 195.2, 196.3
    217: 4 polygons:  <<217.0, 216.1, 196.2, 197.3
    218: 4 polygons:  <<218.0, 217.1, 197.2, 198.3
    219: 4 polygons:  <<219.0, 218.1, 198.2, 199.3
    220: 4 polygons:  <<239.1, 219.2, 200.3, 220.0
    221: 4 polygons:  <<221.0, 220.1, 200.2, 201.3
    222: 4 polygons:  <<222.0, 221.1, 201.2, 202.3
    223: 4 polygons:  <<223.0, 222.1, 202.2, 203.3
    224: 4 polygons:  <<224.0, 223.1, 203.2, 204.3
    225: 4 polygons:  <<225.0, 224.1, 204.2, 205.3
    226: 4 polygons:  <<226.0, 225.1, 205.2, 206.3
    227: 4 polygons:  <<227.0, 226.1, 206.2, 207.3
    228: 4 polygons:  <<228.0, 227.1, 207.2, 208.3
    229: 4 polygons:  <<229.0, 228.1, 208.2, 209.3
    230: 4 polygons:  <<230.0, 229.1, 209.2, 210.3
    231: 4 polygons:  <<231.0, 230.1, 210.2, 211.3
    232: 4 polygons:  <<232.0, 231.1, 211.2, 212.3
    233: 4 polygons:  <<233.0, 232.1, 212.2, 213.3
    234: 4 polygons:  <<234.0, 233.1, 213.2, 214.3
    235: 4 polygons:  <<235.0, 234.1, 214.2, 215.3
    236: 4 polygons:  <<236.0, 235.1, 215.2, 216.3
    237: 4 polygons:  <<237.0, 236.1, 216.2, 217.3
    238: 4 polygons:  <<238.0, 237.1, 217.2, 218.3
    239: 4 polygons:  <<239.0, 238.1, 218.2, 219.3
    240: 4 polygons:  <<259.1, 239.2, 220.3, 240.0
    241: 4 polygons:  <<241.0, 240.1, 220.2, 221.3
    242: 4 polygons:  <<242.0, 241.1, 221.2, 222.3
    243: 4 polygons:  <<243.0, 242.1, 222.2, 223.3
    244: 4 polygons:  <<244.0, 243.1, 223.2, 224.3
    245: 4 polygons:  <<245.0, 244.1, 224.2, 225.3
    246: 4 polygons:  <<246.0, 245.1, 225.2, 226.3
    247: 4 polygons:  <<247.0, 246.1, 226.2, 227.3
    248: 4 polygons:  <<248.0, 247.1, 227.2, 228.3
    249: 4 polygons:  <<249.0, 248.1, 228.2, 229.3
    250: 4 polygons:  <<250.0, 249.1, 229.2, 230.3
    251: 4 polygons:  <<251.0, 250.1, 230.2, 231.3
    252: 4 polygons:  <<252.0, 251.1, 231.2, 232.3
    253: 4 polygons:  <<253.0, 252.1, 232.2, 233.3
    254: 4 polygons:  <<254.0, 253.1, 233.2, 234.3
    255: 4 polygons:  <<255.0, 254.1, 234.2, 235.3
    256: 4 polygons:  <<256.0, 255.1, 235.2, 236.3
    257: 4 polygons:  <<257.0, 256.1, 236.2, 237.3
    258: 4 polygons:  <<258.0, 257.1, 237.2, 238.3
    259: 4 polygons:  <<259.0, 258.1, 238.2, 239.3
    260: 4 polygons:  <<279.1, 259.2, 240.3, 260.0
    261: 4 polygons:  <<261.0, 260.1, 240.2, 241.3
    262: 4 polygons:  <<262.0, 261.1, 241.2, 242.3
    263: 4 polygons:  <<263.0, 262.1, 242.2, 243.3
    264: 4 polygons:  <<264.0, 263.1, 243.2, 244.3
    265: 4 polygons:  <<265.0, 264.1, 244.2, 245.3
    266: 4 polygons:  <<266.0, 265.1, 245.2, 246.3
    267: 4 polygons:  <<267.0, 266.1, 246.2, 247.3
    268: 4 polygons:  <<268.0, 267.1, 247.2, 248.3
    269: 4 polygons:  <<269.0, 268.1, 248.2, 249.3
    270: 4 polygons:  <<270.0, 269.1, 249.2, 250.3
    271: 4 polygons:  <<271.0, 270.1, 250.2, 251.3
    272: 4 polygons:  <<272.0, 271.1, 251.2, 252.3
    273: 4 polygons:  <<273.0, 272.1, 252.2, 253.3
    274: 4 polygons:  <<274.0, 273.1, 253.2, 254.3
    275: 4 polygons:  <<275.0, 274.1, 254.2, 255.3
    276: 4 polygons:  <<276.0, 275.1, 255.2, 256.3
    277: 4 polygons:  <<277.0, 276.1, 256.2, 257.3
    278: 4 polygons:  <<278.0, 277.1, 257.2, 258.3
    279: 4 polygons:  <<279.0, 278.1, 258.2, 259.3
    280: 4 polygons:  <<299.1, 279.2, 260.3, 280.0
    281: 4 polygons:  <<281.0, 280.1, 260.2, 261.3
    282: 4 polygons:  <<282.0, 281.1, 261.2, 262.3
    283: 4 polygons:  <<283.0, 282.1, 262.2, 263.3
    284: 4 polygons:  <<284.0, 283.1, 263.2, 264.3
    285: 4 polygons:  <<285.0, 284.1, 264.2, 265.3
    286: 4 polygons:  <<286.0, 285.1, 265.2, 266.3
    287: 4 polygons:  <<287.0, 286.1, 266.2, 267.3
    288: 4 polygons:  <<288.0, 287.1, 267.2, 268.3
    289: 4 polygons:  <<289.0, 288.1, 268.2, 269.3
    290: 4 polygons:  <<290.0, 289.1, 269.2, 270.3
    291: 4 polygons:  <<291.0, 290.1, 270.2, 271.3
    292: 4 polygons:  <<292.0, 291.1, 271.2, 272.3
    293: 4 polygons:  <<293.0, 292.1, 272.2, 273.3
    294: 4 polygons:  <<294.0, 293.1, 273.2, 274.3
    295: 4 polygons:  <<295.0, 294.1, 274.2, 275.3
    296: 4 polygons:  <<296.0, 295.1, 275.2, 276.3
    297: 4 polygons:  <<297.0, 296.1, 276.2, 277.3
    298: 4 polygons:  <<298.0, 297.1, 277.2, 278.3
    299: 4 polygons:  <<299.0, 298.1, 278.2, 279.3
    300: 4 polygons:  <<319.1, 299.2, 280.3, 300.0
    301: 4 polygons:  <<301.0, 300.1, 280.2, 281.3
    302: 4 polygons:  <<302.0, 301.1, 281.2, 282.3
    303: 4 polygons:  <<303.0, 302.1, 282.2, 283.3
    304: 4 polygons:  <<304.0, 303.1, 283.2, 284.3
    305: 4 polygons:  <<305.0, 304.1, 284.2, 285.3
    306: 4 polygons:  <<306.0, 305.1, 285.2, 286.3
    307: 4 polygons:  <<307.0, 306.1, 286.2, 287.3
    308: 4 polygons:  <<308.0, 307.1, 287.2, 288.3
    309: 4 polygons:  <<309.0, 308.1, 288.2, 289.3
    310: 4 polygons:  <<310.0, 309.1, 289.2, 290.3
    311: 4 polygons:  <<311.0, 310.1, 290.2, 291.3
    312: 4 polygons:  <<312.0, 311.1, 291.2, 292.3
    313: 4 polygons:  <<313.0, 312.1, 292.2, 293.3
    314: 4 polygons:  <<314.0, 313.1, 293.2, 294.3
    315: 4 polygons:  <<315.0, 314.1, 294.2, 295.3
    316: 4 polygons:  <<316.0, 315.1, 295.2, 296.3
    317: 4 polygons:  <<317.0, 316.1, 296.2, 297.3
    318: 4 polygons:  <<318.0, 317.1, 297.2, 298.3
    319: 4 polygons:  <<319.0, 318.1, 298.2, 299.3
    320: 4 polygons:  <<339.1, 319.2, 300.3, 320.0
    321: 4 polygons:  <<321.0, 320.1, 300.2, 301.3
    322: 4 polygons:  <<322.0, 321.1, 301.2, 302.3
    323: 4 polygons:  <<323.0, 322.1, 302.2, 303.3
    324: 4 polygons:  <<324.0, 323.1, 303.2, 304.3
    325: 4 polygons:  <<325.0, 324.1, 304.2, 305.3
    326: 4 polygons:  <<326.0, 325.1, 305.2, 306.3
    327: 4 polygons:  <<327.0, 326.1, 306.2, 307.3
    328: 4 polygons:  <<328.0, 327.1, 307.2, 308.3
    329: 4 polygons:  <<329.0, 328.1, 308.2, 309.3
    330: 4 polygons:  <<330.0, 329.1, 309.2, 310.3
    331: 4 polygons:  <<331.0, 330.1, 310.2, 311.3
    332: 4 polygons:  <<332.0, 331.1, 311.2, 312.3
    333: 4 polygons:  <<333.0, 332.1, 312.2, 313.3
    334: 4 polygons:  <<334.0, 333.1, 313.2, 314.3
    335: 4 polygons:  <<335.0, 334.1, 314.2, 315.3
    336: 4 polygons:  <<336.0, 335.1, 315.2, 316.3
    337: 4 polygons:  <<337.0, 336.1, 316.2, 317.3
    338: 4 polygons:  <<338.0, 337.1, 317.2, 318.3
    339: 4 polygons:  <<339.0, 338.1, 318.2, 319.3
    340: 4 polygons:  <<359.1, 339.2, 320.3, 340.0
    341: 4 polygons:  <<341.0, 340.1, 320.2, 321.3
    342: 4 polygons:  <<342.0, 341.1, 321.2, 322.3
    343: 4 polygons:  <<343.0, 342.1, 322.2, 323.3
    344: 4 polygons:  <<344.0, 343.1, 323.2, 324.3
    345: 4 polygons:  <<345.0, 344.1, 324.2, 325.3
    346: 4 polygons:  <<346.0, 345.1, 325.2, 326.3
    347: 4 polygons:  <<347.0, 346.1, 326.2, 327.3
    348: 4 polygons:  <<348.0, 347.1, 327.2, 328.3
    349: 4 polygons:  <<349.0, 348.1, 328.2, 329.3
    350: 4 polygons:  <<350.0, 349.1, 329.2, 330.3
    351: 4 polygons:  <<351.0, 350.1, 330.2, 331.3
    352: 4 polygons:  <<352.0, 351.1, 331.2, 332.3
    353: 4 polygons:  <<353.0, 352.1, 332.2, 333.3
    354: 4 polygons:  <<354.0, 353.1, 333.2, 334.3
    355: 4 polygons:  <<355.0, 354.1, 334.2, 335.3
    356: 4 polygons:  <<356.0, 355.1, 335.2, 336.3
    357: 4 polygons:  <<357.0, 356.1, 336.2, 337.3
    358: 4 polygons:  <<358.0, 357.1, 337.2, 338.3
    359: 4 polygons:  <<359.0, 358.1, 338.2, 339.3
    360: 4 polygons:  <<399.1, 359.2, 340.3, 380.0
    361: 4 polygons:  <<381.0, 380.1, 340.2, 341.3
    362: 4 polygons:  <<382.0, 381.1, 341.2, 342.3
    363: 4 polygons:  <<383.0, 382.1, 342.2, 343.3
    364: 4 polygons:  <<384.0, 383.1, 343.2, 344.3
    365: 4 polygons:  <<385.0, 384.1, 344.2, 345.3
    366: 4 polygons:  <<386.0, 385.1, 345.2, 346.3
    367: 4 polygons:  <<387.0, 386.1, 346.2, 347.3
    368: 4 polygons:  <<388.0, 387.1, 347.2, 348.3
    369: 4 polygons:  <<389.0, 388.1, 348.2, 349.3
    370: 4 polygons:  <<390.0, 389.1, 349.2, 350.3
    371: 4 polygons:  <<391.0, 390.1, 350.2, 351.3
    372: 4 polygons:  <<392.0, 391.1, 351.2, 352.3
    373: 4 polygons:  <<393.0, 392.1, 352.2, 353.3
    374: 4 polygons:  <<394.0, 393.1, 353.2, 354.3
    375: 4 polygons:  <<395.0, 394.1, 354.2, 355.3
    376: 4 polygons:  <<396.0, 395.1, 355.2, 356.3
    377: 4 polygons:  <<397.0, 396.1, 356.2, 357.3
    378: 4 polygons:  <<398.0, 397.1, 357.2, 358.3
    379: 4 polygons:  <<399.0, 398.1, 358.2, 359.3
    380: 20 polygons:  <<379.2, 378.2, 377.2, 376.2, 375.2, 374.2, 373.2, 372.2, 371.2, 370.2, 369.2, 368.2, 367.2, 366.2, 365.2, 364.2, 363.2, 362.2, 361.2, 360.2
    381: 20 polygons:  <<399.2, 380.2, 381.2, 382.2, 383.2, 384.2, 385.2, 386.2, 387.2, 388.2, 389.2, 390.2, 391.2, 392.2, 393.2, 394.2, 395.2, 396.2, 397.2, 398.2
  Polygons (connected points as 'point.polygonPointIndex', borders as '|'):
    0: 4 points: 0.2, 1.2, 21.2, 20.2
    1: 4 points: 1.1, 2.2, 22.2, 21.3
    2: 4 points: 2.1, 3.2, 23.2, 22.3
    3: 4 points: 3.1, 4.2, 24.2, 23.3
    4: 4 points: 4.1, 5.2, 25.2, 24.3
    5: 4 points: 5.1, 6.2, 26.2, 25.3
    6: 4 points: 6.1, 7.2, 27.2, 26.3
    7: 4 points: 7.1, 8.2, 28.2, 27.3
    8: 4 points: 8.1, 9.2, 29.2, 28.3
    9: 4 points: 9.1, 10.2, 30.2, 29.3
    10: 4 points: 10.1, 11.2, 31.2, 30.3
    11: 4 points: 11.1, 12.2, 32.2, 31.3
    12: 4 points: 12.1, 13.2, 33.2, 32.3
    13: 4 points: 13.1, 14.2, 34.2, 33.3
    14: 4 points: 14.1, 15.2, 35.2, 34.3
    15: 4 points: 15.1, 16.2, 36.2, 35.3
    16: 4 points: 16.1, 17.2, 37.2, 36.3
    17: 4 points: 17.1, 18.2, 38.2, 37.3
    18: 4 points: 18.1, 19.2, 39.2, 38.3
    19: 4 points: 19.1, 0.3, 20.1, 39.3
    20: 4 points: 20.3, 21.1, 41.2, 40.2
    21: 4 points: 21.0, 22.1, 42.2, 41.3
    22: 4 points: 22.0, 23.1, 43.2, 42.3
    23: 4 points: 23.0, 24.1, 44.2, 43.3
    24: 4 points: 24.0, 25.1, 45.2, 44.3
    25: 4 points: 25.0, 26.1, 46.2, 45.3
    26: 4 points: 26.0, 27.1, 47.2, 46.3
    27: 4 points: 27.0, 28.1, 48.2, 47.3
    28: 4 points: 28.0, 29.1, 49.2, 48.3
    29: 4 points: 29.0, 30.1, 50.2, 49.3
    30: 4 points: 30.0, 31.1, 51.2, 50.3
    31: 4 points: 31.0, 32.1, 52.2, 51.3
    32: 4 points: 32.0, 33.1, 53.2, 52.3
    33: 4 points: 33.0, 34.1, 54.2, 53.3
    34: 4 points: 34.0, 35.1, 55.2, 54.3
    35: 4 points: 35.0, 36.1, 56.2, 55.3
    36: 4 points: 36.0, 37.1, 57.2, 56.3
    37: 4 points: 37.0, 38.1, 58.2, 57.3
    38: 4 points: 38.0, 39.1, 59.2, 58.3
    39: 4 points: 39.0, 20.0, 40.1, 59.3
    40: 4 points: 40.3, 41.1, 61.2, 60.2
    41: 4 points: 41.0, 42.1, 62.2, 61.3
    42: 4 points: 42.0, 43.1, 63.2, 62.3
    43: 4 points: 43.0, 44.1, 64.2, 63.3
    44: 4 points: 44.0, 45.1, 65.2, 64.3
    45: 4 points: 45.0, 46.1, 66.2, 65.3
    46: 4 points: 46.0, 47.1, 67.2, 66.3
    47: 4 points: 47.0, 48.1, 68.2, 67.3
    48: 4 points: 48.0, 49.1, 69.2, 68.3
    49: 4 points: 49.0, 50.1, 70.2, 69.3
    50: 4 points: 50.0, 51.1, 71.2, 70.3
    51: 4 points: 51.0, 52.1, 72.2, 71.3
    52: 4 points: 52.0, 53.1, 73.2, 72.3
    53: 4 points: 53.0, 54.1, 74.2, 73.3
    54: 4 points: 54.0, 55.1, 75.2, 74.3
    55: 4 points: 55.0, 56.1, 76.2, 75.3
    56: 4 points: 56.0, 57.1, 77.2, 76.3
    57: 4 points: 57.0, 58.1, 78.2, 77.3
    58: 4 points: 58.0, 59.1, 79.2, 78.3
    59: 4 points: 59.0, 40.0, 60.1, 79.3
    60: 4 points: 60.3, 61.1, 81.2, 80.2
    61: 4 points: 61.0, 62.1, 82.2, 81.3
    62: 4 points: 62.0, 63.1, 83.2, 82.3
    63: 4 points: 63.0, 64.1, 84.2, 83.3
    64: 4 points: 64.0, 65.1, 85.2, 84.3
    65: 4 points: 65.0, 66.1, 86.2, 85.3
    66: 4 points: 66.0, 67.1, 87.2, 86.3
    67: 4 points: 67.0, 68.1, 88.2, 87.3
    68: 4 points: 68.0, 69.1, 89.2, 88.3
    69: 4 points: 69.0, 70.1, 90.2, 89.3
    70: 4 points: 70.0, 71.1, 91.2, 90.3
    71: 4 points: 71.0, 72.1, 92.2, 91.3
    72: 4 points: 72.0, 73.1, 93.2, 92.3
    73: 4 points: 73.0, 74.1, 94.2, 93.3
    74: 4 points: 74.0, 75.1, 95.2, 94.3
    75: 4 points: 75.0, 76.1, 96.2, 95.3
    76: 4 points: 76.0, 77.1, 97.2, 96.3
    77: 4 points: 77.0, 78.1, 98.2, 97.3
    78: 4 points: 78.0, 79.1, 99.2, 98.3
    79: 4 points: 79.0, 60.0, 80.1, 99.3
    80: 4 points: 80.3, 81.1, 101.2, 100.2
    81: 4 points: 81.0, 82.1, 102.2, 101.3
    82: 4 points: 82.0, 83.1, 103.2, 102.3
    83: 4 points: 83.0, 84.1, 104.2, 103.3
    84: 4 points: 84.0, 85.1, 105.2, 104.3
    85: 4 points: 85.0, 86.1, 106.2, 105.3
    86: 4 points: 86.0, 87.1, 107.2, 106.3
    87: 4 points: 87.0, 88.1, 108.2, 107.3
    88: 4 points: 88.0, 89.1, 109.2, 108.3
    89: 4 points: 89.0, 90.1, 110.2, 109.3
    90: 4 points: 90.0, 91.1, 111.2, 110.3
    91: 4 points: 91.0, 92.1, 112.2, 111.3
    92: 4 points: 92.0, 93.1, 113.2, 112.3
    93: 4 points: 93.0, 94.1, 114.2, 113.3
    94: 4 points: 94.0, 95.1, 115.2, 114.3
    95: 4 points: 95.0, 96.1, 116.2, 115.3
    96: 4 points: 96.0, 97.1, 117.2, 116.3
    97: 4 points: 97.0, 98.1, 118.2, 117.3
    98: 4 points: 98.0, 99.1, 119.2, 118.3
    99: 4 points: 99.0, 80.0, 100.1, 119.3
    100: 4 points: 100.3, 101.1, 121.2, 120.2
    101: 4 points: 101.0, 102.1, 122.2, 121.3
    102: 4 points: 102.0, 103.1, 123.2, 122.3
    103: 4 points: 103.0, 104.1, 124.2, 123.3
    104: 4 points: 104.0, 105.1, 125.2, 124.3
    105: 4 points: 105.0, 106.1, 126.2, 125.3
    106: 4 points: 106.0, 107.1, 127.2, 126.3
    107: 4 points: 107.0, 108.1, 128.2, 127.3
    108: 4 points: 108.0, 109.1, 129.2, 128.3
    109: 4 points: 109.0, 110.1, 130.2, 129.3
    110: 4 points: 110.0, 111.1, 131.2, 130.3
    111: 4 points: 111.0, 112.1, 132.2, 131.3
    112: 4 points: 112.0, 113.1, 133.2, 132.3
    113: 4 points: 113.0, 114.1, 134.2, 133.3
    114: 4 points: 114.0, 115.1, 135.2, 134.3
    115: 4 points: 115.0, 116.1, 136.2, 135.3
    116: 4 points: 116.0, 117.1, 137.2, 136.3
    117: 4 points: 117.0, 118.1, 138.2, 137.3
    118: 4 points: 118.0, 119.1, 139.2, 138.3
    119: 4 points: 119.0, 100.0, 120.1, 139.3
    120: 4 points: 120.3, 121.1, 141.2, 140.2
    121: 4 points: 121.0, 122.1, 142.2, 141.3
    122: 4 points: 122.0, 123.1, 143.2, 142.3
    123: 4 points: 123.0, 124.1, 144.2, 143.3
    124: 4 points: 124.0, 125.1, 145.2, 144.3
    125: 4 points: 125.0, 126.1, 146.2, 145.3
    126: 4 points: 126.0, 127.1, 147.2, 146.3
    127: 4 points: 127.0, 128.1, 148.2, 147.3
    128: 4 points: 128.0, 129.1, 149.2, 148.3
    129: 4 points: 129.0, 130.1, 150.2, 149.3
    130: 4 points: 130.0, 131.1, 151.2, 150.3
    131: 4 points: 131.0, 132.1, 152.2, 151.3
    132: 4 points: 132.0, 133.1, 153.2, 152.3
    133: 4 points: 133.0, 134.1, 154.2, 153.3
    134: 4 points: 134.0, 135.1, 155.2, 154.3
    135: 4 points: 135.0, 136.1, 156.2, 155.3
    136: 4 points: 136.0, 137.1, 157.2, 156.3
    137: 4 points: 137.0, 138.1, 158.2, 157.3
    138: 4 points: 138.0, 139.1, 159.2, 158.3
    139: 4 points: 139.0, 120.0, 140.1, 159.3
    140: 4 points: 140.3, 141.1, 161.2, 160.2
    141: 4 points: 141.0, 142.1, 162.2, 161.3
    142: 4 points: 142.0, 143.1, 163.2, 162.3
    143: 4 points: 143.0, 144.1, 164.2, 163.3
    144: 4 points: 144.0, 145.1, 165.2, 164.3
    145: 4 points: 145.0, 146.1, 166.2, 165.3
    146: 4 points: 146.0, 147.1, 167.2, 166.3
    147: 4 points: 147.0, 148.1, 168.2, 167.3
    148: 4 points: 148.0, 149.1, 169.2, 168.3
    149: 4 points: 149.0, 150.1, 170.2, 169.3
    150: 4 points: 150.0, 151.1, 171.2, 170.3
    151: 4 points: 151.0, 152.1, 172.2, 171.3
    152: 4 points: 152.0, 153.1, 173.2, 172.3
    153: 4 points: 153.0, 154.1, 174.2, 173.3
    154: 4 points: 154.0, 155.1, 175.2, 174.3
    155: 4 points: 155.0, 156.1, 176.2, 175.3
    156: 4 points: 156.0, 157.1, 177.2, 176.3
    157: 4 points: 157.0, 158.1, 178.2, 177.3
    158: 4 points: 158.0, 159.1, 179.2, 178.3
    159: 4 points: 159.0, 140.0, 160.1, 179.3
    160: 4 points: 160.3, 161.1, 181.2, 180.2
    161: 4 points: 161.0, 162.1, 182.2, 181.3
    162: 4 points: 162.0, 163.1, 183.2, 182.3
    163: 4 points: 163.0, 164.1, 184.2, 183.3
    164: 4 points: 164.0, 165.1, 185.2, 184.3
    165: 4 points: 165.0, 166.1, 186.2, 185.3
    166: 4 points: 166.0, 167.1, 187.2, 186.3
    167: 4 points: 167.0, 168.1, 188.2, 187.3
    168: 4 points: 168.0, 169.1, 189.2, 188.3
    169: 4 points: 169.0, 170.1, 190.2, 189.3
    170: 4 points: 170.0, 171.1, 191.2, 190.3
    171: 4 points: 171.0, 172.1, 192.2, 191.3
    172: 4 points: 172.0, 173.1, 193.2, 192.3
    173: 4 points: 173.0, 174.1, 194.2, 193.3
    174: 4 points: 174.0, 175.1, 195.2, 194.3
    175: 4 points: 175.0, 176.1, 196.2, 195.3
    176: 4 points: 176.0, 177.1, 197.2, 196.3
    177: 4 points: 177.0, 178.1, 198.2, 197.3
    178: 4 points: 178.0, 179.1, 199.2, 198.3
    179: 4 points: 179.0, 160.0, 180.1, 199.3
    180: 4 points: 180.3, 181.1, 201.2, 200.2
    181: 4 points: 181.0, 182.1, 202.2, 201.3
    182: 4 points: 182.0, 183.1, 203.2, 202.3
    183: 4 points: 183.0, 184.1, 204.2, 203.3
    184: 4 points: 184.0, 185.1, 205.2, 204.3
    185: 4 points: 185.0, 186.1, 206.2, 205.3
    186: 4 points: 186.0, 187.1, 207.2, 206.3
    187: 4 points: 187.0, 188.1, 208.2, 207.3
    188: 4 points: 188.0, 189.1, 209.2, 208.3
    189: 4 points: 189.0, 190.1, 210.2, 209.3
    190: 4 points: 190.0, 191.1, 211.2, 210.3
    191: 4 points: 191.0, 192.1, 212.2, 211.3
    192: 4 points: 192.0, 193.1, 213.2, 212.3
    193: 4 points: 193.0, 194.1, 214.2, 213.3
    194: 4 points: 194.0, 195.1, 215.2, 214.3
    195: 4 points: 195.0, 196.1, 216.2, 215.3
    196: 4 points: 196.0, 197.1, 217.2, 216.3
    197: 4 points: 197.0, 198.1, 218.2, 217.3
    198: 4 points: 198.0, 199.1, 219.2, 218.3
    199: 4 points: 199.0, 180.0, 200.1, 219.3
    200: 4 points: 200.3, 201.1, 221.2, 220.2
    201: 4 points: 201.0, 202.1, 222.2, 221.3
    202: 4 points: 202.0, 203.1, 223.2, 222.3
    203: 4 points: 203.0, 204.1, 224.2, 223.3
    204: 4 points: 204.0, 205.1, 225.2, 224.3
    205: 4 points: 205.0, 206.1, 226.2, 225.3
    206: 4 points: 206.0, 207.1, 227.2, 226.3
    207: 4 points: 207.0, 208.1, 228.2, 227.3
    208: 4 points: 208.0, 209.1, 229.2, 228.3
    209: 4 points: 209.0, 210.1, 230.2, 229.3
    210: 4 points: 210.0, 211.1, 231.2, 230.3
    211: 4 points: 211.0, 212.1, 232.2, 231.3
    212: 4 points: 212.0, 213.1, 233.2, 232.3
    213: 4 points: 213.0, 214.1, 234.2, 233.3
    214: 4 points: 214.0, 215.1, 235.2, 234.3
    215: 4 points: 215.0, 216.1, 236.2, 235.3
    216: 4 points: 216.0, 217.1, 237.2, 236.3
    217: 4 points: 217.0, 218.1, 238.2, 237.3
    218: 4 points: 218.0, 219.1, 239.2, 238.3
    219: 4 points: 219.0, 200.0, 220.1, 239.3
    220: 4 points: 220.3, 221.1, 241.2, 240.2
    221: 4 points: 221.0, 222.1, 242.2, 241.3
    222: 4 points: 222.0, 223.1, 243.2, 242.3
    223: 4 points: 223.0, 224.1, 244.2, 243.3
    224: 4 points: 224.0, 225.1, 245.2, 244.3
    225: 4 points: 225.0, 226.1, 246.2, 245.3
    226: 4 points: 226.0, 227.1, 247.2, 246.3
    227: 4 points: 227.0, 228.1, 248.2, 247.3
    228: 4 points: 228.0, 229.1, 249.2, 248.3
    229: 4 points: 229.0, 230.1, 250.2, 249.3
    230: 4 points: 230.0, 231.1, 251.2, 250.3
    231: 4 points: 231.0, 232.1, 252.2, 251.3
    232: 4 points: 232.0, 233.1, 253.2, 252.3
    233: 4 points: 233.0, 234.1, 254.2, 253.3
    234: 4 points: 234.0, 235.1, 255.2, 254.3
    235: 4 points: 235.0, 236.1, 256.2, 255.3
    236: 4 points: 236.0, 237.1, 257.2, 256.3
    237: 4 points: 237.0, 238.1, 258.2, 257.3
    238: 4 points: 238.0, 239.1, 259.2, 258.3
    239: 4 points: 239.0, 220.0, 240.1, 259.3
    240: 4 points: 240.3, 241.1, 261.2, 260.2
    241: 4 points: 241.0, 242.1, 262.2, 261.3
    242: 4 points: 242.0, 243.1, 263.2, 262.3
    243: 4 points: 243.0, 244.1, 264.2, 263.3
    244: 4 points: 244.0, 245.1, 265.2, 264.3
    245: 4 points: 245.0, 246.1, 266.2, 265.3
    246: 4 points: 246.0, 247.1, 267.2, 266.3
    247: 4 points: 247.0, 248.1, 268.2, 267.3
    248: 4 points: 248.0, 249.1, 269.2, 268.3
    249: 4 points: 249.0, 250.1, 270.2, 269.3
    250: 4 points: 250.0, 251.1, 271.2, 270.3
    251: 4 points: 251.0, 252.1, 272.2, 271.3
    252: 4 points: 252.0, 253.1, 273.2, 272.3
    253: 4 points: 253.0, 254.1, 274.2, 273.3
    254: 4 points: 254.0, 255.1, 275.2, 274.3
    255: 4 points: 255.0, 256.1, 276.2, 275.3
    256: 4 points: 256.0, 257.1, 277.2, 276.3
    257: 4 points: 257.0, 258.1, 278.2, 277.3
    258: 4 points: 258.0, 259.1, 279.2, 278.3
    259: 4 points: 259.0, 240.0, 260.1, 279.3
    260: 4 points: 260.3, 261.1, 281.2, 280.2
    261: 4 points: 261.0, 262.1, 282.2, 281.3
    262: 4 points: 262.0, 263.1, 283.2, 282.3
    263: 4 points: 263.0, 264.1, 284.2, 283.3
    264: 4 points: 264.0, 265.1, 285.2, 284.3
    265: 4 points: 265.0, 266.1, 286.2, 285.3
    266: 4 points: 266.0, 267.1, 287.2, 286.3
    267: 4 points: 267.0, 268.1, 288.2, 287.3
    268: 4 points: 268.0, 269.1, 289.2, 288.3
    269: 4 points: 269.0, 270.1, 290.2, 289.3
    270: 4 points: 270.0, 271.1, 291.2, 290.3
    271: 4 points: 271.0, 272.1, 292.2, 291.3
    272: 4 points: 272.0, 273.1, 293.2, 292.3
    273: 4 points: 273.0, 274.1, 294.2, 293.3
    274: 4 points: 274.0, 275.1, 295.2, 294.3
    275: 4 points: 275.0, 276.1, 296.2, 295.3
    276: 4 points: 276.0, 277.1, 297.2, 296.3
    277: 4 points: 277.0, 278.1, 298.2, 297.3
    278: 4 points: 278.0, 279.1, 299.2, 298.3
    279: 4 points: 279.0, 260.0, 280.1, 299.3
    280: 4 points: 280.3, 281.1, 301.2, 300.2
    281: 4 points: 281.0, 282.1, 302.2, 301.3
    282: 4 points: 282.0, 283.1, 303.2, 302.3
    283: 4 points: 283.0, 284.1, 304.2, 303.3
    284: 4 points: 284.0, 285.1, 305.2, 304.3
    285: 4 points: 285.0, 286.1, 306.2, 305.3
    286: 4 points: 286.0, 287.1, 307.2, 306.3
    287: 4 points: 287.0, 288.1, 308.2, 307.3
    288: 4 points: 288.0, 289.1, 309.2, 308.3
    289: 4 points: 289.0, 290.1, 310.2, 309.3
    290: 4 points: 290.0, 291.1, 311.2, 310.3
    291: 4 points: 291.0, 292.1, 312.2, 311.3
    292: 4 points: 292.0, 293.1, 313.2, 312.3
    293: 4 points: 293.0, 294.1, 314.2, 313.3
    294: 4 points: 294.0, 295.1, 315.2, 314.3
    295: 4 points: 295.0, 296.1, 316.2, 315.3
    296: 4 points: 296.0, 297.1, 317.2, 316.3
    297: 4 points: 297.0, 298.1, 318.2, 317.3
    298: 4 points: 298.0, 299.1, 319.2, 318.3
    299: 4 points: 299.0, 280.0, 300.1, 319.3
    300: 4 points: 300.3, 301.1, 321.2, 320.2
    301: 4 points: 301.0, 302.1, 322.2, 321.3
    302: 4 points: 302.0, 303.1, 323.2, 322.3
    303: 4 points: 303.0, 304.1, 324.2, 323.3
    304: 4 points: 304.0, 305.1, 325.2, 324.3
    305: 4 points: 305.0, 306.1, 326.2, 325.3
    306: 4 points: 306.0, 307.1, 327.2, 326.3
    307: 4 points: 307.0, 308.1, 328.2, 327.3
    308: 4 points: 308.0, 309.1, 329.2, 328.3
    309: 4 points: 309.0, 310.1, 330.2, 329.3
    310: 4 points: 310.0, 311.1, 331.2, 330.3
    311: 4 points: 311.0, 312.1, 332.2, 331.3
    312: 4 points: 312.0, 313.1, 333.2, 332.3
    313: 4 points: 313.0, 314.1, 334.2, 333.3
    314: 4 points: 314.0, 315.1, 335.2, 334.3
    315: 4 points: 315.0, 316.1, 336.2, 335.3
    316: 4 points: 316.0, 317.1, 337.2, 336.3
    317: 4 points: 317.0, 318.1, 338.2, 337.3
    318: 4 points: 318.0, 319.1, 339.2, 338.3
    319: 4 points: 319.0, 300.0, 320.1, 339.3
    320: 4 points: 320.3, 321.1, 341.2, 340.2
    321: 4 points: 321.0, 322.1, 342.2, 341.3
    322: 4 points: 322.0, 323.1, 343.2, 342.3
    323: 4 points: 323.0, 324.1, 344.2, 343.3
    324: 4 points: 324.0, 325.1, 345.2, 344.3
    325: 4 points: 325.0, 326.1, 346.2, 345.3
    326: 4 points: 326.0, 327.1, 347.2, 346.3
    327: 4 points: 327.0, 328.1, 348.2, 347.3
    328: 4 points: 328.0, 329.1, 349.2, 348.3
    329: 4 points: 329.0, 330.1, 350.2, 349.3
    330: 4 points: 330.0, 331.1, 351.2, 350.3
    331: 4 points: 331.0, 332.1, 352.2, 351.3
    332: 4 points: 332.0, 333.1, 353.2, 352.3
    333: 4 points: 333.0, 334.1, 354.2, 353.3
    334: 4 points: 334.0, 335.1, 355.2, 354.3
    335: 4 points: 335.0, 336.1, 356.2, 355.3
    336: 4 points: 336.0, 337.1, 357.2, 356.3
    337: 4 points: 337.0, 338.1, 358.2, 357.3
    338: 4 points: 338.0, 339.1, 359.2, 358.3
    339: 4 points: 339.0, 320.0, 340.1, 359.3
    340: 4 points: 340.3, 341.1, 361.2, 360.2
    341: 4 points: 341.0, 342.1, 362.2, 361.3
    342: 4 points: 342.0, 343.1, 363.2, 362.3
    343: 4 points: 343.0, 344.1, 364.2, 363.3
    344: 4 points: 344.0, 345.1, 365.2, 364.3
    345: 4 points: 345.0, 346.1, 366.2, 365.3
    346: 4 points: 346.0, 347.1, 367.2, 366.3
    347: 4 points: 347.0, 348.1, 368.2, 367.3
    348: 4 points: 348.0, 349.1, 369.2, 368.3
    349: 4 points: 349.0, 350.1, 370.2, 369.3
    350: 4 points: 350.0, 351.1, 371.2, 370.3
    351: 4 points: 351.0, 352.1, 372.2, 371.3
    352: 4 points: 352.0, 353.1, 373.2, 372.3
    353: 4 points: 353.0, 354.1, 374.2, 373.3
    354: 4 points: 354.0, 355.1, 375.2, 374.3
    355: 4 points: 355.0, 356.1, 376.2, 375.3
    356: 4 points: 356.0, 357.1, 377.2, 376.3
    357: 4 points: 357.0, 358.1, 378.2, 377.3
    358: 4 points: 358.0, 359.1, 379.2, 378.3
    359: 4 points: 359.0, 340.0, 360.1, 379.3
    360: 3 points: 1.3, 0.1, 380.19
    361: 3 points: 2.3, 1.0, 380.18
    362: 3 points: 3.3, 2.0, 380.17 |
    363: 3 points: 4.3, 3.0, 380.16
    364: 3 points: 5.3, 4.0, 380.15 |
    365: 3 points: 6.3, 5.0, 380.14
    366: 3 points: 7.3, 6.0, 380.13
    367: 3 points: 8.3, 7.0, 380.12
    368: 3 points: 9.3, 8.0, 380.11
    369: 3 points: 10.3, 9.0, 380.10
    370: 3 points: 11.3, 10.0, 380.9
    371: 3 points: 12.3, 11.0, 380.8
    372: 3 points: 13.3, 12.0, 380.7
    373: 3 points: 14.3, 13.0, 380.6
    374: 3 points: 15.3, 14.0, 380.5
    375: 3 points: 16.3, 15.0, 380.4
    376: 3 points: 17.3, 16.0, 380.3
    377: 3 points: 18.3, 17.0, 380.2
    378: 3 points: 19.3, 18.0, 380.1
    379: 3 points: 0.0, 19.0, 380.0
    380: 3 points: 360.3, 361.1, 381.1
    381: 3 points: 361.0, 362.1, 381.2
    382: 3 points: 362.0, 363.1, 381.3
    383: 3 points: 363.0, 364.1, 381.4
    384: 3 points: 364.0, 365.1, 381.5
    385: 3 points: 365.0, 366.1, 381.6
    386: 3 points: 366.0, 367.1, 381.7
    387: 3 points: 367.0, 368.1, 381.8
    388: 3 points: 368.0, 369.1, 381.9
    389: 3 points: 369.0, 370.1, 381.10
    390: 3 points: 370.0, 371.1, 381.11
    391: 3 points: 371.0, 372.1, 381.12
    392: 3 points: 372.0, 373.1, 381.13
    393: 3 points: 373.0, 374.1, 381.14
    394: 3 points: 374.0, 375.1, 381.15 |
    395: 3 points: 375.0, 376.1, 381.16
    396: 3 points: 376.0, 377.1, 381.17 |
    397: 3 points: 377.0, 378.1, 381.18
    398: 3 points: 378.0, 379.1, 381.19
    399: 3 points: 379.0, 360.0, 381.0

  ]
}
