Importing:D:\Projects\RiggingToolbox/Tests/GeometryStack/Resources\skinnedTube.abc
AlembicGeometryAttributesReader: Property "EnvelopeWeights" not supported.
AlembicGeometryAttributesReader: Property "MappingIndices" not supported.
AlembicGeometryAttributesReader: Property "EnvelopeDeformerIndices" not supported.
AlembicGeometryAttributesReader: Property "EnvelopeDeformers" not supported.
function GeometrySet GeometryStack.evaluate!(EvalContext)
--function AlembicSkinnedMeshGeometryGenerator.evaluate!(EvalContext, io GeometrySet)
--function GeometrySet.updateCache!(UInt32, GeometryOperator):1
----function GeometryAttributeCache.update!(Geometry[]):SkinningModifier:["positions","normals","skinningData"]
--function SkinningModifier.evaluate!(EvalContext, io GeometrySet)
--function GeometrySet.updateCache!(UInt32, GeometryOperator):2
----function GeometryAttributeCache.update!(Geometry[]):ComputeNormalsModifier:["positions","normals"]
--function ComputeNormalsModifier.evaluate!(EvalContext, io GeometrySet)
--function GeometrySet.updateCache!(UInt32, GeometryOperator):3
----function GeometryAttributeCache.update!(Geometry[]):ComputeTangentsModifier:["positions","uvs0","tangents"]
--function ComputeTangentsModifier.evaluate!(EvalContext, io GeometrySet)
function SkinningModifier.setPose!(Mat44[])
--function GeometryStack.notify!(Notifier, String, String):SkinningModifier.changed
----function GeometrySet.rewind!(UInt32):1
------function GeometryAttributeCache.restore?(io Geometry[]):ComputeTangentsModifier:["positions","uvs0","tangents"]
------function GeometryAttributeCache.restore?(io Geometry[]):ComputeNormalsModifier:["positions","normals"]
------function GeometryAttributeCache.restore?(io Geometry[]):SkinningModifier:["positions","normals","skinningData"]
function GeometrySet GeometryStack.evaluate!(EvalContext)
--function SkinningModifier.evaluate!(EvalContext, io GeometrySet)
--function GeometrySet.updateCache!(UInt32, GeometryOperator):2
----function GeometryAttributeCache.update!(Geometry[]):ComputeNormalsModifier:["positions","normals"]
--function ComputeNormalsModifier.evaluate!(EvalContext, io GeometrySet)
--function GeometrySet.updateCache!(UInt32, GeometryOperator):3
----function GeometryAttributeCache.update!(Geometry[]):ComputeTangentsModifier:["positions","uvs0","tangents"]
--function ComputeTangentsModifier.evaluate!(EvalContext, io GeometrySet)
function SkinningModifier.setPose!(Mat44[])
--function GeometryStack.notify!(Notifier, String, String):SkinningModifier.changed
----function GeometrySet.rewind!(UInt32):1
------function GeometryAttributeCache.restore?(io Geometry[]):ComputeTangentsModifier:["positions","uvs0","tangents"]
------function GeometryAttributeCache.restore?(io Geometry[]):ComputeNormalsModifier:["positions","normals"]
------function GeometryAttributeCache.restore?(io Geometry[]):SkinningModifier:["positions","normals","skinningData"]
function GeometrySet GeometryStack.evaluate!(EvalContext)
--function SkinningModifier.evaluate!(EvalContext, io GeometrySet)
--function GeometrySet.updateCache!(UInt32, GeometryOperator):2
----function GeometryAttributeCache.update!(Geometry[]):ComputeNormalsModifier:["positions","normals"]
--function ComputeNormalsModifier.evaluate!(EvalContext, io GeometrySet)
--function GeometrySet.updateCache!(UInt32, GeometryOperator):3
----function GeometryAttributeCache.update!(Geometry[]):ComputeTangentsModifier:["positions","uvs0","tangents"]
--function ComputeTangentsModifier.evaluate!(EvalContext, io GeometrySet)

