Importing:C:\Users\Phil\Projects\RiggingToolbox/Tests/GeometryStack/Resources\skinnedTube.abc
Importing:C:\Users\Phil\Projects\RiggingToolbox/Tests/GeometryStack/Resources\skinnedTube.abc
AlembicGeometryAttributesReader: Property "EnvelopeWeights" not supported.
AlembicGeometryAttributesReader: Property "MappingIndices" not supported.
AlembicGeometryAttributesReader: Property "EnvelopeDeformerIndices" not supported.
AlembicGeometryAttributesReader: Property "EnvelopeDeformers" not supported.
Warning: Pose count does not match the reference pose count. referencePose:4 != pose:0. Skinning disabled
function Ref<GeometryStack>#notify!(Notifier, String, String):WrapModifier.changed
function GeometrySet Ref<GeometryStack>.evaluate!(EvalContext)
--function Ref<GeometryCache>#restore?(io GeometrySet)
--function Ref<AlembicGeometryGenerator>#evaluate!(EvalContext, io GeometrySet)
--function Ref<GeometryAttributeCache>#update!(GeometrySet, GeometryOperator):["positions"]
--function Ref<WrapModifier>#evaluate!(EvalContext, io GeometrySet)
----function GeometrySet Ref<GeometryStack>.evaluate!(EvalContext)
------function Ref<GeometryCache>#restore?(io GeometrySet)
------function Ref<AlembicGeometryGenerator>#evaluate!(EvalContext, io GeometrySet)
------function Ref<GeometryAttributeCache>#update!(GeometrySet, GeometryOperator):["positions"]
------function Ref<SkinningModifier>#evaluate!(EvalContext, io GeometrySet)
------function Ref<GeometryAttributeCache>#update!(GeometrySet, GeometryOperator):["positions"]
------function Ref<DeltaMushModifier>#evaluate!(EvalContext, io GeometrySet)
------function Ref<GeometryAttributeCache>#update!(GeometrySet, GeometryOperator):[]
------function Ref<ComputeNormalsModifier>#evaluate!(EvalContext, io GeometrySet)
------function Ref<GeometryAttributeCache>#update!(GeometrySet, GeometryOperator):[]
------function Ref<ComputeTangentsModifier>#evaluate!(EvalContext, io GeometrySet)
--function Ref<GeometryAttributeCache>#update!(GeometrySet, GeometryOperator):[]
--function Ref<ComputeNormalsModifier>#evaluate!(EvalContext, io GeometrySet)
function Ref<GeometryStack>#notify!(Notifier, String, String):SkinningModifier.changed
--function Ref<WrapModifier>#notify!(Notifier, String, String):GeometryStack.changed
----function Ref<GeometryStack>#notify!(Notifier, String, String):WrapModifier.changed
function GeometrySet Ref<GeometryStack>.evaluate!(EvalContext)
--function Ref<GeometryAttributeCache>#restore?(io GeometrySet):["positions"]
--function Ref<WrapModifier>#evaluate!(EvalContext, io GeometrySet)
----function GeometrySet Ref<GeometryStack>.evaluate!(EvalContext)
------function Ref<GeometryAttributeCache>#restore?(io GeometrySet):["positions"]
------function Ref<SkinningModifier>#evaluate!(EvalContext, io GeometrySet)
------function Ref<GeometryAttributeCache>#update!(GeometrySet, GeometryOperator):["positions"]
------function Ref<DeltaMushModifier>#evaluate!(EvalContext, io GeometrySet)
------function Ref<GeometryAttributeCache>#update!(GeometrySet, GeometryOperator):[]
------function Ref<ComputeNormalsModifier>#evaluate!(EvalContext, io GeometrySet)
------function Ref<GeometryAttributeCache>#update!(GeometrySet, GeometryOperator):[]
------function Ref<ComputeTangentsModifier>#evaluate!(EvalContext, io GeometrySet)
--function Ref<GeometryAttributeCache>#update!(GeometrySet, GeometryOperator):[]
--function Ref<ComputeNormalsModifier>#evaluate!(EvalContext, io GeometrySet)

scrStack:GeometryStack { 
  geomOperators:[ 
  {
    type: AlembicGeometryGenerator,
    filePath: skinnedTube.abc
    expandedPath: C:\Users\Phil\Projects\RiggingToolbox/Tests/GeometryStack/Resources\skinnedTube.abc
  }
  { 
    type: SkinningModifier
  }
  { 
    type: DeltaMushModifier
  }
  { 
    type: ComputeNormalsModifier
  }
  { 
    type: ComputeTangentsModifier
  }
  ],
  numGeometries:1
}
stack:GeometryStack { 
  geomOperators:[ 
  {
    type: AlembicGeometryGenerator,
    filePath: skinnedTube.abc
    expandedPath: C:\Users\Phil\Projects\RiggingToolbox/Tests/GeometryStack/Resources\skinnedTube.abc
  }
  { 
    type: WrapModifier
  }
  { 
    type: ComputeNormalsModifier
  }
  ],
  numGeometries:1
}
